2025-12-04T10:26:31.018+06:00  INFO 23652 --- [Test worker] c.ksl.template.TemplateApplicationTests  : Starting TemplateApplicationTests using Java 21.0.7 with PID 23652 (started by sami.eashaque in D:\Projects\template)
2025-12-04T10:26:31.026+06:00 DEBUG 23652 --- [Test worker] c.ksl.template.TemplateApplicationTests  : Running with Spring Boot v3.5.5, Spring v6.2.10
2025-12-04T10:26:31.027+06:00  INFO 23652 --- [Test worker] c.ksl.template.TemplateApplicationTests  : No active profile set, falling back to 1 default profile: "default"
2025-12-04T10:26:34.385+06:00  INFO 23652 --- [Test worker] .s.d.r.c.RepositoryConfigurationDelegate : Bootstrapping Spring Data JPA repositories in DEFAULT mode.
2025-12-04T10:26:34.618+06:00  INFO 23652 --- [Test worker] .s.d.r.c.RepositoryConfigurationDelegate : Finished Spring Data repository scanning in 208 ms. Found 1 JPA repository interface.
2025-12-04T10:26:36.533+06:00  INFO 23652 --- [Test worker] o.hibernate.jpa.internal.util.LogHelper  : HHH000204: Processing PersistenceUnitInfo [name: default]
2025-12-04T10:26:36.856+06:00  INFO 23652 --- [Test worker] org.hibernate.Version                    : HHH000412: Hibernate ORM core version 6.6.26.Final
2025-12-04T10:26:36.999+06:00  INFO 23652 --- [Test worker] o.h.c.internal.RegionFactoryInitiator    : HHH000026: Second-level cache disabled
2025-12-04T10:26:37.611+06:00  INFO 23652 --- [Test worker] o.s.o.j.p.SpringPersistenceUnitInfo      : No LoadTimeWeaver setup: ignoring JPA class transformer
2025-12-04T10:26:37.654+06:00  INFO 23652 --- [Test worker] com.zaxxer.hikari.HikariDataSource       : HikariPool-1 - Starting...
2025-12-04T10:26:37.922+06:00  INFO 23652 --- [Test worker] com.zaxxer.hikari.pool.HikariPool        : HikariPool-1 - Added connection conn0: url=jdbc:h2:mem:testdb user=SA
2025-12-04T10:26:37.925+06:00  INFO 23652 --- [Test worker] com.zaxxer.hikari.HikariDataSource       : HikariPool-1 - Start completed.
2025-12-04T10:26:37.958+06:00  WARN 23652 --- [Test worker] org.hibernate.orm.deprecation            : HHH90000025: H2Dialect does not need to be specified explicitly using 'hibernate.dialect' (remove the property setting and it will be selected by default)
2025-12-04T10:26:37.986+06:00  INFO 23652 --- [Test worker] org.hibernate.orm.connections.pooling    : HHH10001005: Database info:
	Database JDBC URL [Connecting through datasource 'HikariDataSource (HikariPool-1)']
	Database driver: undefined/unknown
	Database version: 2.3.232
	Autocommit mode: undefined/unknown
	Isolation level: undefined/unknown
	Minimum pool size: undefined/unknown
	Maximum pool size: undefined/unknown
2025-12-04T10:26:39.374+06:00  INFO 23652 --- [Test worker] o.h.e.t.j.p.i.JtaPlatformInitiator       : HHH000489: No JTA platform available (set 'hibernate.transaction.jta.platform' to enable JTA platform integration)
2025-12-04T10:26:39.435+06:00  INFO 23652 --- [Test worker] j.LocalContainerEntityManagerFactoryBean : Initialized JPA EntityManagerFactory for persistence unit 'default'
2025-12-04T10:26:40.074+06:00  INFO 23652 --- [Test worker] o.s.d.j.r.query.QueryEnhancerFactory     : Hibernate is in classpath; If applicable, HQL parser will be used.
2025-12-04T10:26:41.480+06:00  WARN 23652 --- [Test worker] JpaBaseConfiguration$JpaWebConfiguration : spring.jpa.open-in-view is enabled by default. Therefore, database queries may be performed during view rendering. Explicitly configure spring.jpa.open-in-view to disable this warning
2025-12-04T10:26:42.705+06:00  INFO 23652 --- [Test worker] o.s.b.a.e.web.EndpointLinksResolver      : Exposing 1 endpoint beneath base path '/actuator'
2025-12-04T10:26:42.810+06:00  INFO 23652 --- [Test worker] c.ksl.template.TemplateApplicationTests  : Started TemplateApplicationTests in 12.559 seconds (process running for 14.826)
2025-12-04T10:26:43.379+06:00  INFO 23652 --- [SpringApplicationShutdownHook] j.LocalContainerEntityManagerFactoryBean : Closing JPA EntityManagerFactory for persistence unit 'default'
2025-12-04T10:26:43.384+06:00  INFO 23652 --- [SpringApplicationShutdownHook] com.zaxxer.hikari.HikariDataSource       : HikariPool-1 - Shutdown initiated...
2025-12-04T10:26:43.386+06:00  INFO 23652 --- [SpringApplicationShutdownHook] com.zaxxer.hikari.HikariDataSource       : HikariPool-1 - Shutdown completed.
2025-12-04T10:28:53.440+06:00  INFO 22960 --- [Test worker] c.ksl.template.TemplateApplicationTests  : Starting TemplateApplicationTests using Java 21.0.7 with PID 22960 (started by sami.eashaque in D:\Projects\template)
2025-12-04T10:28:53.443+06:00 DEBUG 22960 --- [Test worker] c.ksl.template.TemplateApplicationTests  : Running with Spring Boot v3.5.5, Spring v6.2.10
2025-12-04T10:28:53.445+06:00  INFO 22960 --- [Test worker] c.ksl.template.TemplateApplicationTests  : No active profile set, falling back to 1 default profile: "default"
2025-12-04T10:28:56.264+06:00  INFO 22960 --- [Test worker] .s.d.r.c.RepositoryConfigurationDelegate : Bootstrapping Spring Data JPA repositories in DEFAULT mode.
2025-12-04T10:28:56.333+06:00  INFO 22960 --- [Test worker] .s.d.r.c.RepositoryConfigurationDelegate : Finished Spring Data repository scanning in 57 ms. Found 1 JPA repository interface.
2025-12-04T10:28:56.878+06:00  INFO 22960 --- [Test worker] o.hibernate.jpa.internal.util.LogHelper  : HHH000204: Processing PersistenceUnitInfo [name: default]
2025-12-04T10:28:56.967+06:00  INFO 22960 --- [Test worker] org.hibernate.Version                    : HHH000412: Hibernate ORM core version 6.6.26.Final
2025-12-04T10:28:57.053+06:00  INFO 22960 --- [Test worker] o.h.c.internal.RegionFactoryInitiator    : HHH000026: Second-level cache disabled
2025-12-04T10:28:57.582+06:00  INFO 22960 --- [Test worker] o.s.o.j.p.SpringPersistenceUnitInfo      : No LoadTimeWeaver setup: ignoring JPA class transformer
2025-12-04T10:28:57.630+06:00  INFO 22960 --- [Test worker] com.zaxxer.hikari.HikariDataSource       : HikariPool-1 - Starting...
2025-12-04T10:28:57.867+06:00  INFO 22960 --- [Test worker] com.zaxxer.hikari.pool.HikariPool        : HikariPool-1 - Added connection conn0: url=jdbc:h2:mem:testdb user=SA
2025-12-04T10:28:57.870+06:00  INFO 22960 --- [Test worker] com.zaxxer.hikari.HikariDataSource       : HikariPool-1 - Start completed.
2025-12-04T10:28:57.894+06:00  WARN 22960 --- [Test worker] org.hibernate.orm.deprecation            : HHH90000025: H2Dialect does not need to be specified explicitly using 'hibernate.dialect' (remove the property setting and it will be selected by default)
2025-12-04T10:28:57.919+06:00  INFO 22960 --- [Test worker] org.hibernate.orm.connections.pooling    : HHH10001005: Database info:
	Database JDBC URL [Connecting through datasource 'HikariDataSource (HikariPool-1)']
	Database driver: undefined/unknown
	Database version: 2.3.232
	Autocommit mode: undefined/unknown
	Isolation level: undefined/unknown
	Minimum pool size: undefined/unknown
	Maximum pool size: undefined/unknown
2025-12-04T10:28:59.415+06:00  INFO 22960 --- [Test worker] o.h.e.t.j.p.i.JtaPlatformInitiator       : HHH000489: No JTA platform available (set 'hibernate.transaction.jta.platform' to enable JTA platform integration)
2025-12-04T10:28:59.473+06:00  INFO 22960 --- [Test worker] j.LocalContainerEntityManagerFactoryBean : Initialized JPA EntityManagerFactory for persistence unit 'default'
2025-12-04T10:29:00.059+06:00  INFO 22960 --- [Test worker] o.s.d.j.r.query.QueryEnhancerFactory     : Hibernate is in classpath; If applicable, HQL parser will be used.
2025-12-04T10:29:02.213+06:00  WARN 22960 --- [Test worker] JpaBaseConfiguration$JpaWebConfiguration : spring.jpa.open-in-view is enabled by default. Therefore, database queries may be performed during view rendering. Explicitly configure spring.jpa.open-in-view to disable this warning
2025-12-04T10:29:03.878+06:00  INFO 22960 --- [Test worker] o.s.b.a.e.web.EndpointLinksResolver      : Exposing 1 endpoint beneath base path '/actuator'
2025-12-04T10:29:04.001+06:00  INFO 22960 --- [Test worker] c.ksl.template.TemplateApplicationTests  : Started TemplateApplicationTests in 11.278 seconds (process running for 13.407)
2025-12-04T10:29:04.645+06:00  INFO 22960 --- [SpringApplicationShutdownHook] j.LocalContainerEntityManagerFactoryBean : Closing JPA EntityManagerFactory for persistence unit 'default'
2025-12-04T10:29:04.656+06:00  INFO 22960 --- [SpringApplicationShutdownHook] com.zaxxer.hikari.HikariDataSource       : HikariPool-1 - Shutdown initiated...
2025-12-04T10:29:04.667+06:00  INFO 22960 --- [SpringApplicationShutdownHook] com.zaxxer.hikari.HikariDataSource       : HikariPool-1 - Shutdown completed.
2025-12-04T10:30:04.296+06:00  INFO 24108 --- [Test worker] c.ksl.template.TemplateApplicationTests  : Starting TemplateApplicationTests using Java 21.0.7 with PID 24108 (started by sami.eashaque in D:\Projects\template)
2025-12-04T10:30:04.299+06:00 DEBUG 24108 --- [Test worker] c.ksl.template.TemplateApplicationTests  : Running with Spring Boot v3.5.5, Spring v6.2.10
2025-12-04T10:30:04.300+06:00  INFO 24108 --- [Test worker] c.ksl.template.TemplateApplicationTests  : No active profile set, falling back to 1 default profile: "default"
2025-12-04T10:30:06.838+06:00  INFO 24108 --- [Test worker] .s.d.r.c.RepositoryConfigurationDelegate : Bootstrapping Spring Data JPA repositories in DEFAULT mode.
2025-12-04T10:30:06.979+06:00  INFO 24108 --- [Test worker] .s.d.r.c.RepositoryConfigurationDelegate : Finished Spring Data repository scanning in 116 ms. Found 1 JPA repository interface.
2025-12-04T10:30:07.694+06:00  INFO 24108 --- [Test worker] o.hibernate.jpa.internal.util.LogHelper  : HHH000204: Processing PersistenceUnitInfo [name: default]
2025-12-04T10:30:07.791+06:00  INFO 24108 --- [Test worker] org.hibernate.Version                    : HHH000412: Hibernate ORM core version 6.6.26.Final
2025-12-04T10:30:07.853+06:00  INFO 24108 --- [Test worker] o.h.c.internal.RegionFactoryInitiator    : HHH000026: Second-level cache disabled
2025-12-04T10:30:08.308+06:00  INFO 24108 --- [Test worker] o.s.o.j.p.SpringPersistenceUnitInfo      : No LoadTimeWeaver setup: ignoring JPA class transformer
2025-12-04T10:30:08.355+06:00  INFO 24108 --- [Test worker] com.zaxxer.hikari.HikariDataSource       : HikariPool-1 - Starting...
2025-12-04T10:30:08.663+06:00  INFO 24108 --- [Test worker] com.zaxxer.hikari.pool.HikariPool        : HikariPool-1 - Added connection conn0: url=jdbc:h2:mem:testdb user=SA
2025-12-04T10:30:08.667+06:00  INFO 24108 --- [Test worker] com.zaxxer.hikari.HikariDataSource       : HikariPool-1 - Start completed.
2025-12-04T10:30:08.703+06:00  WARN 24108 --- [Test worker] org.hibernate.orm.deprecation            : HHH90000025: H2Dialect does not need to be specified explicitly using 'hibernate.dialect' (remove the property setting and it will be selected by default)
2025-12-04T10:30:08.735+06:00  INFO 24108 --- [Test worker] org.hibernate.orm.connections.pooling    : HHH10001005: Database info:
	Database JDBC URL [Connecting through datasource 'HikariDataSource (HikariPool-1)']
	Database driver: undefined/unknown
	Database version: 2.3.232
	Autocommit mode: undefined/unknown
	Isolation level: undefined/unknown
	Minimum pool size: undefined/unknown
	Maximum pool size: undefined/unknown
2025-12-04T10:30:10.022+06:00  INFO 24108 --- [Test worker] o.h.e.t.j.p.i.JtaPlatformInitiator       : HHH000489: No JTA platform available (set 'hibernate.transaction.jta.platform' to enable JTA platform integration)
2025-12-04T10:30:10.063+06:00  INFO 24108 --- [Test worker] j.LocalContainerEntityManagerFactoryBean : Initialized JPA EntityManagerFactory for persistence unit 'default'
2025-12-04T10:30:10.567+06:00  INFO 24108 --- [Test worker] o.s.d.j.r.query.QueryEnhancerFactory     : Hibernate is in classpath; If applicable, HQL parser will be used.
2025-12-04T10:30:12.411+06:00  WARN 24108 --- [Test worker] JpaBaseConfiguration$JpaWebConfiguration : spring.jpa.open-in-view is enabled by default. Therefore, database queries may be performed during view rendering. Explicitly configure spring.jpa.open-in-view to disable this warning
2025-12-04T10:30:13.919+06:00  INFO 24108 --- [Test worker] o.s.b.a.e.web.EndpointLinksResolver      : Exposing 1 endpoint beneath base path '/actuator'
2025-12-04T10:30:14.130+06:00  INFO 24108 --- [Test worker] c.ksl.template.TemplateApplicationTests  : Started TemplateApplicationTests in 10.7 seconds (process running for 12.845)
2025-12-04T10:30:15.113+06:00  INFO 24108 --- [SpringApplicationShutdownHook] j.LocalContainerEntityManagerFactoryBean : Closing JPA EntityManagerFactory for persistence unit 'default'
2025-12-04T10:30:15.122+06:00  INFO 24108 --- [SpringApplicationShutdownHook] com.zaxxer.hikari.HikariDataSource       : HikariPool-1 - Shutdown initiated...
2025-12-04T10:30:15.131+06:00  INFO 24108 --- [SpringApplicationShutdownHook] com.zaxxer.hikari.HikariDataSource       : HikariPool-1 - Shutdown completed.
2025-12-04T10:31:02.358+06:00  INFO 22224 --- [Test worker] c.ksl.template.TemplateApplicationTests  : Starting TemplateApplicationTests using Java 21.0.7 with PID 22224 (started by sami.eashaque in D:\Projects\template)
2025-12-04T10:31:02.360+06:00 DEBUG 22224 --- [Test worker] c.ksl.template.TemplateApplicationTests  : Running with Spring Boot v3.5.5, Spring v6.2.10
2025-12-04T10:31:02.363+06:00  INFO 22224 --- [Test worker] c.ksl.template.TemplateApplicationTests  : No active profile set, falling back to 1 default profile: "default"
2025-12-04T10:31:05.861+06:00  INFO 22224 --- [Test worker] .s.d.r.c.RepositoryConfigurationDelegate : Bootstrapping Spring Data JPA repositories in DEFAULT mode.
2025-12-04T10:31:06.066+06:00  INFO 22224 --- [Test worker] .s.d.r.c.RepositoryConfigurationDelegate : Finished Spring Data repository scanning in 170 ms. Found 1 JPA repository interface.
2025-12-04T10:31:07.202+06:00  INFO 22224 --- [Test worker] o.hibernate.jpa.internal.util.LogHelper  : HHH000204: Processing PersistenceUnitInfo [name: default]
2025-12-04T10:31:07.349+06:00  INFO 22224 --- [Test worker] org.hibernate.Version                    : HHH000412: Hibernate ORM core version 6.6.26.Final
2025-12-04T10:31:07.445+06:00  INFO 22224 --- [Test worker] o.h.c.internal.RegionFactoryInitiator    : HHH000026: Second-level cache disabled
2025-12-04T10:31:08.036+06:00  INFO 22224 --- [Test worker] o.s.o.j.p.SpringPersistenceUnitInfo      : No LoadTimeWeaver setup: ignoring JPA class transformer
2025-12-04T10:31:08.098+06:00  INFO 22224 --- [Test worker] com.zaxxer.hikari.HikariDataSource       : HikariPool-1 - Starting...
2025-12-04T10:31:08.346+06:00  INFO 22224 --- [Test worker] com.zaxxer.hikari.pool.HikariPool        : HikariPool-1 - Added connection conn0: url=jdbc:h2:mem:testdb user=SA
2025-12-04T10:31:08.348+06:00  INFO 22224 --- [Test worker] com.zaxxer.hikari.HikariDataSource       : HikariPool-1 - Start completed.
2025-12-04T10:31:08.381+06:00  WARN 22224 --- [Test worker] org.hibernate.orm.deprecation            : HHH90000025: H2Dialect does not need to be specified explicitly using 'hibernate.dialect' (remove the property setting and it will be selected by default)
2025-12-04T10:31:08.404+06:00  INFO 22224 --- [Test worker] org.hibernate.orm.connections.pooling    : HHH10001005: Database info:
	Database JDBC URL [Connecting through datasource 'HikariDataSource (HikariPool-1)']
	Database driver: undefined/unknown
	Database version: 2.3.232
	Autocommit mode: undefined/unknown
	Isolation level: undefined/unknown
	Minimum pool size: undefined/unknown
	Maximum pool size: undefined/unknown
2025-12-04T10:31:09.396+06:00  INFO 22224 --- [Test worker] o.h.e.t.j.p.i.JtaPlatformInitiator       : HHH000489: No JTA platform available (set 'hibernate.transaction.jta.platform' to enable JTA platform integration)
2025-12-04T10:31:09.428+06:00  INFO 22224 --- [Test worker] j.LocalContainerEntityManagerFactoryBean : Initialized JPA EntityManagerFactory for persistence unit 'default'
2025-12-04T10:31:09.820+06:00  INFO 22224 --- [Test worker] o.s.d.j.r.query.QueryEnhancerFactory     : Hibernate is in classpath; If applicable, HQL parser will be used.
2025-12-04T10:31:11.317+06:00  WARN 22224 --- [Test worker] JpaBaseConfiguration$JpaWebConfiguration : spring.jpa.open-in-view is enabled by default. Therefore, database queries may be performed during view rendering. Explicitly configure spring.jpa.open-in-view to disable this warning
2025-12-04T10:31:12.403+06:00  INFO 22224 --- [Test worker] o.s.b.a.e.web.EndpointLinksResolver      : Exposing 1 endpoint beneath base path '/actuator'
2025-12-04T10:31:12.514+06:00  INFO 22224 --- [Test worker] c.ksl.template.TemplateApplicationTests  : Started TemplateApplicationTests in 11.022 seconds (process running for 13.214)
2025-12-04T10:31:13.014+06:00  INFO 22224 --- [SpringApplicationShutdownHook] j.LocalContainerEntityManagerFactoryBean : Closing JPA EntityManagerFactory for persistence unit 'default'
2025-12-04T10:31:13.019+06:00  INFO 22224 --- [SpringApplicationShutdownHook] com.zaxxer.hikari.HikariDataSource       : HikariPool-1 - Shutdown initiated...
2025-12-04T10:31:13.023+06:00  INFO 22224 --- [SpringApplicationShutdownHook] com.zaxxer.hikari.HikariDataSource       : HikariPool-1 - Shutdown completed.
2025-12-04T10:32:43.616+06:00  INFO 24796 --- [Test worker] c.ksl.template.TemplateApplicationTests  : Starting TemplateApplicationTests using Java 21.0.7 with PID 24796 (started by sami.eashaque in D:\Projects\template)
2025-12-04T10:32:43.639+06:00 DEBUG 24796 --- [Test worker] c.ksl.template.TemplateApplicationTests  : Running with Spring Boot v3.5.5, Spring v6.2.10
2025-12-04T10:32:43.642+06:00  INFO 24796 --- [Test worker] c.ksl.template.TemplateApplicationTests  : No active profile set, falling back to 1 default profile: "default"
2025-12-04T10:32:46.353+06:00  INFO 24796 --- [Test worker] .s.d.r.c.RepositoryConfigurationDelegate : Bootstrapping Spring Data JPA repositories in DEFAULT mode.
2025-12-04T10:32:46.441+06:00  INFO 24796 --- [Test worker] .s.d.r.c.RepositoryConfigurationDelegate : Finished Spring Data repository scanning in 72 ms. Found 1 JPA repository interface.
2025-12-04T10:32:46.976+06:00  INFO 24796 --- [Test worker] o.hibernate.jpa.internal.util.LogHelper  : HHH000204: Processing PersistenceUnitInfo [name: default]
2025-12-04T10:32:47.063+06:00  INFO 24796 --- [Test worker] org.hibernate.Version                    : HHH000412: Hibernate ORM core version 6.6.26.Final
2025-12-04T10:32:47.102+06:00  INFO 24796 --- [Test worker] o.h.c.internal.RegionFactoryInitiator    : HHH000026: Second-level cache disabled
2025-12-04T10:32:47.674+06:00  INFO 24796 --- [Test worker] o.s.o.j.p.SpringPersistenceUnitInfo      : No LoadTimeWeaver setup: ignoring JPA class transformer
2025-12-04T10:32:47.740+06:00  INFO 24796 --- [Test worker] com.zaxxer.hikari.HikariDataSource       : HikariPool-1 - Starting...
2025-12-04T10:32:48.030+06:00  INFO 24796 --- [Test worker] com.zaxxer.hikari.pool.HikariPool        : HikariPool-1 - Added connection conn0: url=jdbc:h2:mem:testdb user=SA
2025-12-04T10:32:48.034+06:00  INFO 24796 --- [Test worker] com.zaxxer.hikari.HikariDataSource       : HikariPool-1 - Start completed.
2025-12-04T10:32:48.070+06:00  WARN 24796 --- [Test worker] org.hibernate.orm.deprecation            : HHH90000025: H2Dialect does not need to be specified explicitly using 'hibernate.dialect' (remove the property setting and it will be selected by default)
2025-12-04T10:32:48.103+06:00  INFO 24796 --- [Test worker] org.hibernate.orm.connections.pooling    : HHH10001005: Database info:
	Database JDBC URL [Connecting through datasource 'HikariDataSource (HikariPool-1)']
	Database driver: undefined/unknown
	Database version: 2.3.232
	Autocommit mode: undefined/unknown
	Isolation level: undefined/unknown
	Minimum pool size: undefined/unknown
	Maximum pool size: undefined/unknown
2025-12-04T10:32:49.290+06:00  INFO 24796 --- [Test worker] o.h.e.t.j.p.i.JtaPlatformInitiator       : HHH000489: No JTA platform available (set 'hibernate.transaction.jta.platform' to enable JTA platform integration)
2025-12-04T10:32:49.333+06:00  INFO 24796 --- [Test worker] j.LocalContainerEntityManagerFactoryBean : Initialized JPA EntityManagerFactory for persistence unit 'default'
2025-12-04T10:32:49.783+06:00  INFO 24796 --- [Test worker] o.s.d.j.r.query.QueryEnhancerFactory     : Hibernate is in classpath; If applicable, HQL parser will be used.
2025-12-04T10:32:51.735+06:00  WARN 24796 --- [Test worker] JpaBaseConfiguration$JpaWebConfiguration : spring.jpa.open-in-view is enabled by default. Therefore, database queries may be performed during view rendering. Explicitly configure spring.jpa.open-in-view to disable this warning
2025-12-04T10:32:52.788+06:00  INFO 24796 --- [Test worker] o.s.b.a.e.web.EndpointLinksResolver      : Exposing 1 endpoint beneath base path '/actuator'
2025-12-04T10:32:52.893+06:00  INFO 24796 --- [Test worker] c.ksl.template.TemplateApplicationTests  : Started TemplateApplicationTests in 10.033 seconds (process running for 12.151)
2025-12-04T10:32:53.498+06:00  INFO 24796 --- [SpringApplicationShutdownHook] j.LocalContainerEntityManagerFactoryBean : Closing JPA EntityManagerFactory for persistence unit 'default'
2025-12-04T10:32:53.505+06:00  INFO 24796 --- [SpringApplicationShutdownHook] com.zaxxer.hikari.HikariDataSource       : HikariPool-1 - Shutdown initiated...
2025-12-04T10:32:53.509+06:00  INFO 24796 --- [SpringApplicationShutdownHook] com.zaxxer.hikari.HikariDataSource       : HikariPool-1 - Shutdown completed.
